[kerrilive.netlify.app/dark/index_3.html]
[backblue.gif]
[fade.gif]
[index.html]
[kerrilive.netlify.app/dark/images/favicon.ico]
[kerrilive.netlify.app/dark/css/bootstrap.min.css]
[kerrilive.netlify.app/dark/css/materialdesignicons.min.css]
[kerrilive.netlify.app/dark/css/owl.carousel.min.css]
[kerrilive.netlify.app/dark/css/animate.min.css]
[kerrilive.netlify.app/dark/css/magnific-popup.css]
[kerrilive.netlify.app/dark/css/mobiriseicons.css]
[kerrilive.netlify.app/dark/css/style.css]
[kerrilive.netlify.app/dark/images/logo.png]
[kerrilive.netlify.app/dark/images/logo-dark.png]
[kerrilive.netlify.app/dark/images/about.jpg]
[kerrilive.netlify.app/dark/images/testi/testi-1.jpg]
[kerrilive.netlify.app/dark/images/testi/testi-2.jpg]
[kerrilive.netlify.app/dark/images/testi/testi-3.jpg]
[kerrilive.netlify.app/dark/images/works/1.jpg]
[kerrilive.netlify.app/dark/images/works/2.jpg]
[kerrilive.netlify.app/dark/images/works/3.jpg]
[kerrilive.netlify.app/dark/images/works/4.jpg]
[kerrilive.netlify.app/dark/images/works/5.jpg]
[kerrilive.netlify.app/dark/images/works/6.jpg]
[kerrilive.netlify.app/dark/images/blog/blog-1.jpg]
[kerrilive.netlify.app/dark/images/blog/blog-2.jpg]
[kerrilive.netlify.app/dark/images/blog/blog-3.jpg]
[kerrilive.netlify.app/dark/js/bootstrap.bundle.min.js]
[kerrilive.netlify.app/dark/js/jquery.min.js]
[kerrilive.netlify.app/dark/js/jquery.simple-text-rotator.js]
[kerrilive.netlify.app/dark/js/particles.js]
[kerrilive.netlify.app/dark/js/particles.app.js]
[kerrilive.netlify.app/dark/js/switcher.js]
[kerrilive.netlify.app/dark/js/owl.carousel.min.js]
[kerrilive.netlify.app/dark/js/isotope.js]
[kerrilive.netlify.app/dark/js/jquery.magnific-popup.min.js]
[kerrilive.netlify.app/dark/index_3.html]
[kerrilive.netlify.app/dark/css/bootstrap.min.css]
[kerrilive.netlify.app/dark/js/custom.js]
[kerrilive.netlify.app/dark/fonts/materialdesignicons-webfontdf71.eot]
[kerrilive.netlify.app/dark/fonts/materialdesignicons-webfontdf71.woff2]
[kerrilive.netlify.app/dark/fonts/materialdesignicons-webfontd41d.eot]
[kerrilive.netlify.app/dark/fonts/materialdesignicons-webfontdf71.ttf]
[kerrilive.netlify.app/dark/fonts/materialdesignicons-webfontdf71.woff]
[kerrilive.netlify.app/dark/fonts/materialdesignicons-webfont.28df71.delayed]
[kerrilive.netlify.app/dark/css/materialdesignicons.min.css]
[kerrilive.netlify.app/dark/css/owl.video.play.29.delayed]
[kerrilive.netlify.app/dark/css/owl.carousel.min.css]
[kerrilive.netlify.app/dark/css/animate.min.css]
[kerrilive.netlify.app/dark/css/magnific-popup.css]
[kerrilive.netlify.app/dark/fonts/MobiriseIcons.2a73ab.delayed]
[kerrilive.netlify.app/dark/fonts/mobirise73ab.ttf]
[kerrilive.netlify.app/dark/fonts/mobirise73ab.woff]
[kerrilive.netlify.app/dark/fonts/MobiriseIcons.2d73ab.delayed]
[kerrilive.netlify.app/dark/css/mobiriseicons.css]
[kerrilive.netlify.app/dark/images/header-bg3.jpg]
[kerrilive.netlify.app/dark/css/style.css]
[kerrilive.netlify.app/dark/css/color/default.css]
[kerrilive.netlify.app/dark/fonts/materialdesignicons-webfontdf71.html]
[kerrilive.netlify.app/dark/css/owl.video.play.html]
[kerrilive.netlify.app/dark/fonts/MobiriseIcons73ab.html]
[kerrilive.netlify.app/dark/fonts/MobiriseIcons73ab-2.html]
